=== цветное изображение: baboon (512x512) ===
  sigma=   5  (оценка по Y: 10.38)
  sigma=  10  (оценка по Y: 13.98)
  sigma=  15  (оценка по Y: 18.19)
  sigma=  20  (оценка по Y: 22.53)
  sigma=  30  (оценка по Y: 31.60)
  sigma=  40  (оценка по Y: 40.50)
=== цветное изображение: board (640x480) ===
  sigma=   5  (оценка по Y: 12.93)
  sigma=  10  (оценка по Y: 16.07)
  sigma=  15  (оценка по Y: 19.81)
  sigma=  20  (оценка по Y: 23.69)
  sigma=  30  (оценка по Y: 31.89)
  sigma=  40  (оценка по Y: 39.92)
=== цветное изображение: fruits (512x480) ===
  sigma=   5  (оценка по Y: 5.16)
  sigma=  10  (оценка по Y: 9.91)
  sigma=  15  (оценка по Y: 14.68)
  sigma=  20  (оценка по Y: 19.38)
  sigma=  30  (оценка по Y: 28.57)
  sigma=  40  (оценка по Y: 37.48)

=== Средние значения ===
метод                   PSNR,дБ       SSIM        EPI     время,мс
raw_ycbcr                 24.00     0.3799     0.2168          1.0
bilateral_ycbcr           28.65     0.6053     0.2479        120.9
acsf_ycbcr                30.92     0.8105     0.2650        124.1

Подробная таблица: benchmark-artifact/results/color/tables/results.csv
