=== изображение: astronaut (512x512) ===
  sigma=  10  (оценка по изображению: 9.93)
  sigma=  20  (оценка по изображению: 18.79)
  sigma=  25  (оценка по изображению: 23.04)
  sigma=  30  (оценка по изображению: 27.27)
  sigma=  40  (оценка по изображению: 35.36)
=== изображение: baboon (512x512) ===
  sigma=  10  (оценка по изображению: 14.60)
  sigma=  20  (оценка по изображению: 22.90)
  sigma=  25  (оценка по изображению: 27.29)
  sigma=  30  (оценка по изображению: 31.82)
  sigma=  40  (оценка по изображению: 40.82)
=== изображение: board (640x480) ===
  sigma=  10  (оценка по изображению: 14.80)
  sigma=  20  (оценка по изображению: 22.84)
  sigma=  25  (оценка по изображению: 27.04)
  sigma=  30  (оценка по изображению: 31.25)
  sigma=  40  (оценка по изображению: 39.34)
=== изображение: fruits (512x480) ===
  sigma=  10  (оценка по изображению: 9.93)
  sigma=  20  (оценка по изображению: 19.40)
  sigma=  25  (оценка по изображению: 24.00)
  sigma=  30  (оценка по изображению: 28.52)
  sigma=  40  (оценка по изображению: 37.23)
=== изображение: grace_hopper (512x512) ===
  sigma=  10  (оценка по изображению: 10.31)
  sigma=  20  (оценка по изображению: 18.56)
  sigma=  25  (оценка по изображению: 22.53)
  sigma=  30  (оценка по изображению: 26.45)
  sigma=  40  (оценка по изображению: 33.94)
=== изображение: gradient_circles (512x512) ===
  sigma=  10  (оценка по изображению: 10.02)
  sigma=  20  (оценка по изображению: 19.96)
  sigma=  25  (оценка по изображению: 24.90)
  sigma=  30  (оценка по изображению: 29.75)
  sigma=  40  (оценка по изображению: 39.21)

=== Средние значения ===
метод                   PSNR,дБ       SSIM        EPI     время,мс
raw                       21.36     0.3670     0.3490          0.1
box5                      24.99     0.5644    -0.0232          2.2
gauss                     25.68     0.6469     0.3087          3.5
median5                   25.09     0.5630     0.1252         92.6
perona_malik              27.51     0.7215     0.4446         54.5
bilateral                 24.72     0.4980     0.4066         64.4
bilateral_oracle          28.60     0.7500     0.5097            —
acsf_flat                 27.83     0.7083     0.5016         18.4
acsf                      28.35     0.7553     0.5360         19.2

Подробная таблица: benchmark-artifact/results/tables/results.csv
